[Test]
user.username = @user.username@
user.password = @user.password@
user.AWS_Access_Id = @user.AWS_Access_Id@
user.AWS_Secret_Key = @user.AWS_Secret_Key@

CloudSigma_Location = @CloudSigma_Location@
CloudSigma_Username = @CloudSigma_Username@
CloudSigma_Password = @CloudSigma_Password@
CloudSigma_NodeId = @CloudSigma_NodeId@
CloudSigma_ImageId  = @CloudSigma_DriveId@

openstack.username = 
openstack.password = 
openstack.tenant.name = 
openstack.keystone.url = 
openstack.keypair.name = 
openstack.security.group = 
openstack.imageid = 
OPENSTACK_SERVICE_TYPE = compute
OPENSTACK_SERVICE_NAME = nova
OPENSTACK_SERVICE_REGION = RegionOne
openstack.private.key =  
